WorkerThreadPool: 12 threads, 9 max low-priority.
Godot Engine v4.6.stable.official.89cea1439 - https://godotengine.org
TextServer: Added interface "Dummy"
TextServer: Added interface "ICU / HarfBuzz / Graphite (Built-in)"
Unrecognized output string "misc2" in mapping:
030000000d0f00000202000000000000,Horipad O Nintendo Switch 2 Controller,a:b1,b:b0,back:b8,dpdown:h0.4,dpleft:h0.8,dpright:h0.2,dpup:h0.1,guide:b12,leftshoulder:b4,leftstick:b10,lefttrigger:b6,leftx:a0,lefty:a1,misc1:b13,misc2:b14,rightshoulder:b5,rightstick:b11,righttrigger:b7,rightx:a2,righty:a3,start:b9,x:b3,y:b2,platform:Windows,
Unrecognized output string "misc2" in mapping:
030000000d0f00009601000000000000,Horipad Steam,a:b0,b:b1,back:b10,dpdown:h0.4,dpleft:h0.8,dpright:h0.2,dpup:h0.1,guide:b12,leftshoulder:b6,leftstick:b13,lefttrigger:b8,leftx:a0,lefty:a1,misc2:b2,paddle1:b5,paddle2:b15,paddle3:b18,paddle4:b19,rightshoulder:b7,rightstick:b14,righttrigger:b9,rightx:a3,righty:a4,start:b11,x:b3,y:b4,platform:Windows,
Unrecognized output string "misc2" in mapping:
030000007e0500006920000000000000,Nintendo Switch 2 Pro Controller,a:b0,b:b1,back:b14,dpdown:b8,dpleft:b10,dpright:b9,dpup:b11,guide:b16,leftshoulder:b12,leftstick:b15,lefttrigger:b13,leftx:a0,lefty:a1~,misc1:b17,misc2:b20,paddle1:b18,paddle2:b19,rightshoulder:b4,rightstick:b7,righttrigger:b5,rightx:a2,righty:a3~,start:b6,x:b2,y:b3,platform:Windows,
Using "default" pen tablet driver...

TextServer: Primary interface set to: "ICU / HarfBuzz / Graphite (Built-in)".
CORE API HASH: 3663110324
EDITOR API HASH: 835956462
SceneTreeFTI: traversal method DEFAULT
Loading resource: C:/Users/OMEN/AppData/Roaming/Godot/editor_settings-4.6.tres
EditorSettings: Load OK!
EditorTheme: Generating new theme for the config '3810048042'.
EditorTheme: Generating new icons.
EditorTheme: Generating new fonts.
EditorTheme: Generating new styles.
Loading resource: C:/Users/OMEN/AppData/Local/Godot/editor_doc_cache-4.6.res
Loaded system CA certificates
Failed to bind socket. Error: 3.
Could not find version of build tools that matches Target SDK, using 36.1.0
[   0% ] [90m[1mfirst_scan_filesystem[22m | Started 项目初始化 (5 steps)[39m[0m
[   0% ] [90m[1mfirst_scan_filesystem[22m | 正在扫描文件结构……[39m[0m
[  16% ] [90m[1mfirst_scan_filesystem[22m | 正在加载全局类名……[39m[0m
[  33% ] [90m[1mfirst_scan_filesystem[22m | 正在校验 GDExtension……[39m[0m
[  50% ] [90m[1mfirst_scan_filesystem[22m | 正在创建自动加载脚本……[39m[0m
[  66% ] [90m[1mfirst_scan_filesystem[22m | 正在初始化插件……[39m[0m
[  83% ] [90m[1mfirst_scan_filesystem[22m | 正在启动文件扫描……[39m[0m
[92m[ DONE ][39m [1mfirst_scan_filesystem[22m
[0m
[   0% ] [90m[1m_update_scan_actions[22m | Started 正在扫描动作…… (18 steps)[39m[0m
[   0% ] [90m[1m_update_scan_actions[22m | building_bolt.png[39m[0m
[   5% ] [90m[1m_update_scan_actions[22m | building_relay_charge.png[39m[0m
[  10% ] [90m[1m_update_scan_actions[22m | building_relay_idle.png[39m[0m
[  15% ] [90m[1m_update_scan_actions[22m | building_relay_release.png[39m[0m
[  21% ] [90m[1m_update_scan_actions[22m | building_signal_a.png[39m[0m
[  26% ] [90m[1m_update_scan_actions[22m | building_signal_b.png[39m[0m
[  31% ] [90m[1m_update_scan_actions[22m | debuff_cast_a.png[39m[0m
[  36% ] [90m[1m_update_scan_actions[22m | debuff_cast_b.png[39m[0m
[  42% ] [90m[1m_update_scan_actions[22m | debuff_orb.png[39m[0m
[  47% ] [90m[1m_update_scan_actions[22m | debuff_staff_cast.png[39m[0m
[  52% ] [90m[1m_update_scan_actions[22m | debuff_staff_idle.png[39m[0m
[  57% ] [90m[1m_update_scan_actions[22m | debuff_staff_release.png[39m[0m
[  63% ] [90m[1m_update_scan_actions[22m | tank_blade_idle.png[39m[0m
[  68% ] [90m[1m_update_scan_actions[22m | tank_blade_recover.png[39m[0m
[  73% ] [90m[1m_update_scan_actions[22m | tank_blade_swing.png[39m[0m
[  78% ] [90m[1m_update_scan_actions[22m | tank_blade_windup.png[39m[0m
[  84% ] [90m[1m_update_scan_actions[22m | tank_slash_a.png[39m[0m
[  89% ] [90m[1m_update_scan_actions[22m | tank_slash_b.png[39m[0m
[92m[ DONE ][39m [1m_update_scan_actions[22m
[0m
[   0% ] [90m[1mloading_editor_layout[22m | Started 正在加载编辑器 (5 steps)[39m[0m
[   0% ] [90m[1mloading_editor_layout[22m | 正在加载编辑器布局……[39m[0m
[  16% ] [90m[1mloading_editor_layout[22m | 正在加载停靠面板……[39m[0m
[  33% ] [90m[1mloading_editor_layout[22m | 正在重新打开场景……[39m[0m
Loading resource: res://scenes/main/main.tscn
Loading resource: res://scripts/core/game_manager.gd
Loading resource: res://scenes/enemies/enemy.tscn
Loading resource: res://scripts/actors/enemy.gd
Loading resource: res://art/sprites/weapon_blaster.png
Loading resource: res://.godot/imported/weapon_blaster.png-68eaece4e7836f8d6abe73d086c07be8.ctex
Loading resource: res://art/sprites/weapon_flash.png
Loading resource: res://.godot/imported/weapon_flash.png-36ea5c7e65134453cea1d32fca937e86.ctex
Loading resource: res://scenes/props/sentry_node.tscn
Loading resource: res://scripts/systems/sentry_node.gd
Loading resource: res://scenes/effects/guard_burst.tscn
Loading resource: res://scripts/effects/guard_burst.gd
Loading resource: res://scenes/weapons/scorch_orb.tscn
Loading resource: res://scripts/weapons/scorch_orb.gd
Loading resource: res://scenes/effects/scorch_field.tscn
Loading resource: res://scripts/effects/scorch_field.gd
Loading resource: res://art/sprites/projectile_player.png
Loading resource: res://.godot/imported/projectile_player.png-40672f8a5d89fb98f5f5ae5848bfeea9.ctex
Loading resource: res://scenes/enemies/enemy_projectile.tscn
Loading resource: res://scenes/props/experience_orb.tscn
Loading resource: res://scripts/systems/experience_orb.gd
Loading resource: res://scenes/props/special_card_pickup.tscn
Loading resource: res://scripts/systems/special_card_pickup.gd
Loading resource: res://art/sprites/card_pickup.png
Loading resource: res://.godot/imported/card_pickup.png-6e7e704882b1c07d7325de28dbe11d41.ctex
Loading resource: res://art/sprites/card_unknown.png
Loading resource: res://.godot/imported/card_unknown.png-3008fac35c7ca0e6238a3545b7008160.ctex
Loading resource: res://resources/enemies/slime.tres
Loading resource: res://resources/enemies/bat.tres
Loading resource: res://resources/enemies/skeleton.tres
Loading resource: res://resources/enemies/goblin.tres
Loading resource: res://resources/enemies/mushroom.tres
Loading resource: res://resources/enemies/ghost.tres
Loading resource: res://resources/enemies/imp.tres
Loading resource: res://resources/enemies/demon.tres
Loading resource: res://resources/enemies/boss.tres
Loading resource: res://resources/upgrades/power_shot.tres
Loading resource: res://resources/upgrades/vitality.tres
Loading resource: res://resources/upgrades/battle_boots.tres
Loading resource: res://resources/upgrades/critical_focus.tres
Loading resource: res://resources/upgrades/ashen_mark.tres
Loading resource: res://resources/upgrades/acid_etching.tres
Loading resource: res://resources/upgrades/bulwark_stride.tres
Loading resource: res://resources/upgrades/binding_hex.tres
Loading resource: res://resources/upgrades/calamity_vector.tres
Loading resource: res://resources/upgrades/cinder_field.tres
Loading resource: res://resources/upgrades/ember_chain.tres
Loading resource: res://resources/upgrades/fortress_plating.tres
Loading resource: res://resources/upgrades/hammer_slam.tres
Loading resource: res://resources/upgrades/infection_wake.tres
Loading resource: res://resources/upgrades/iron_reverb.tres
Loading resource: res://resources/upgrades/last_stand.tres
Loading resource: res://resources/upgrades/plague_capsule.tres
Loading resource: res://resources/upgrades/relay_beacon.tres
Loading resource: res://resources/upgrades/scorching_payload.tres
Loading resource: res://resources/upgrades/sentry_array.tres
Loading resource: res://resources/upgrades/sentry_overclock.tres
Loading resource: res://resources/upgrades/shadow_brand.tres
Loading resource: res://resources/upgrades/shield_breaker.tres
Loading resource: res://resources/upgrades/spiked_armor.tres
Loading resource: res://resources/upgrades/tower_guard.tres
Loading resource: res://resources/upgrades/unyielding_core.tres
Loading resource: res://resources/upgrades/vanguard_edge.tres
Loading resource: res://resources/upgrades/venom_reservoir.tres
Loading resource: res://resources/animations/swordsman_body_sprite_frames.tres
Loading resource: res://art/sprites/characters/swordsman/directions/down.png
Loading resource: res://.godot/imported/down.png-ecd0127df0a573affce643bbd3fdd90e.ctex
Loading resource: res://art/sprites/characters/swordsman/directions/down_right.png
Loading resource: res://.godot/imported/down_right.png-1412c02055f7ab2740ab3217847b8f96.ctex
Loading resource: res://art/sprites/characters/swordsman/directions/right.png
Loading resource: res://.godot/imported/right.png-b3213b08e101a18748eb4d27fc571d50.ctex
Loading resource: res://art/sprites/characters/swordsman/directions/up_right.png
Loading resource: res://.godot/imported/up_right.png-955d704f90faee67cbaca6907b54b721.ctex
Loading resource: res://art/sprites/characters/swordsman/directions/up.png
Loading resource: res://.godot/imported/up.png-bbfd9a1808f5927375b6eac230139968.ctex
Loading resource: res://art/sprites/characters/swordsman/directions/up_left.png
Loading resource: res://.godot/imported/up_left.png-e31e03ffa53c09b46147e701c861c402.ctex
Loading resource: res://art/sprites/characters/swordsman/directions/left.png
Loading resource: res://.godot/imported/left.png-b89cf78158efd72132b778d816adbb28.ctex
Loading resource: res://art/sprites/characters/swordsman/directions/down_left.png
Loading resource: res://.godot/imported/down_left.png-f60e803693c13295cccfdf9ed3da7eda.ctex
Loading resource: res://art/sprites/characters/swordsman/sword_attack/frame_01.png
Loading resource: res://.godot/imported/frame_01.png-b2ed1e9032a9de7e08329b4188d4cb74.ctex
Loading resource: res://art/sprites/characters/swordsman/sword_attack/frame_02.png
Loading resource: res://.godot/imported/frame_02.png-b96d21bc679817ebac0c4c87a242c2a0.ctex
Loading resource: res://art/sprites/characters/swordsman/sword_attack/frame_03.png
Loading resource: res://.godot/imported/frame_03.png-fcd2a2dd6d77e915417d0f8795668134.ctex
Loading resource: res://art/sprites/characters/swordsman/sword_attack/frame_04.png
Loading resource: res://.godot/imported/frame_04.png-6d81028e3904de2f31a796e20c96e883.ctex
Loading resource: res://art/sprites/characters/swordsman/sword_attack/frame_05.png
Loading resource: res://.godot/imported/frame_05.png-9c479db5ebe131ee8cc9203899a649cb.ctex
Loading resource: res://art/sprites/characters/swordsman/sword_attack/frame_06.png
Loading resource: res://.godot/imported/frame_06.png-781deab0bf0df660ba2f0e47beaef123.ctex
Loading resource: res://art/sprites/characters/swordsman/sword_attack/frame_07.png
Loading resource: res://.godot/imported/frame_07.png-03e044e493fd24de127cdfe4401b7ba0.ctex
Loading resource: res://art/sprites/characters/swordsman/sword_attack/frame_08.png
Loading resource: res://.godot/imported/frame_08.png-6132a574977d46048dfaab98f43b3d96.ctex
Loading resource: res://resources/animations/swordsman_skill_effect_sprite_frames.tres
Loading resource: res://art/sprites/characters/swordsman/skill_effect/frame_01.png
Loading resource: res://.godot/imported/frame_01.png-928d649aba50254a75d5ea6167b3a738.ctex
Loading resource: res://art/sprites/characters/swordsman/skill_effect/frame_02.png
Loading resource: res://.godot/imported/frame_02.png-df14e9e92a4377e6484012e4cc8e2853.ctex
Loading resource: res://art/sprites/characters/swordsman/skill_effect/frame_03.png
Loading resource: res://.godot/imported/frame_03.png-bc85c48021771159cab46af7659b5d61.ctex
Loading resource: res://art/sprites/characters/swordsman/skill_effect/frame_04.png
Loading resource: res://.godot/imported/frame_04.png-9a6b86f6bc117a758db947bb7ba8a4e9.ctex
Loading resource: res://art/sprites/characters/swordsman/skill_effect/frame_05.png
Loading resource: res://.godot/imported/frame_05.png-15f15ee65fc1a2d0478a4bfe8500ee01.ctex
Loading resource: res://art/sprites/characters/swordsman/skill_effect/frame_06.png
Loading resource: res://.godot/imported/frame_06.png-133b0ec12d4d98cffb37a63bf288b260.ctex
Loading resource: res://art/sprites/characters/swordsman/skill_effect/frame_07.png
Loading resource: res://.godot/imported/frame_07.png-e4e0e035f5cb280829ca92d08a3ae1c7.ctex
Loading resource: res://art/sprites/characters/swordsman/skill_effect/frame_08.png
Loading resource: res://.godot/imported/frame_08.png-be9dd49a69f996ea63cc7da5f0fa7496.ctex
Loading resource: res://resources/animations/mage_body_sprite_frames.tres
Loading resource: res://art/sprites/characters/mage/directions/down.png
Loading resource: res://.godot/imported/down.png-f81158add3f79739bc07adc91ffd854b.ctex
Loading resource: res://art/sprites/characters/mage/directions/down_right.png
Loading resource: res://.godot/imported/down_right.png-3e02369410b7a704105f4fd42883bfe2.ctex
Loading resource: res://art/sprites/characters/mage/directions/right.png
Loading resource: res://.godot/imported/right.png-ad3fa4415e9647cd2a30420729db46d8.ctex
Loading resource: res://art/sprites/characters/mage/directions/up_right.png
Loading resource: res://.godot/imported/up_right.png-d74545fcb83a1c8b248b74f807bb431d.ctex
Loading resource: res://art/sprites/characters/mage/directions/up.png
Loading resource: res://.godot/imported/up.png-7631854257ae28d34275f29aa5dd3f4c.ctex
Loading resource: res://art/sprites/characters/mage/directions/up_left.png
Loading resource: res://.godot/imported/up_left.png-4ce112ff0478d5791357fe358011d903.ctex
Loading resource: res://art/sprites/characters/mage/directions/left.png
Loading resource: res://.godot/imported/left.png-24c347add5f09f1a24d4362f097599fc.ctex
Loading resource: res://art/sprites/characters/mage/directions/down_left.png
Loading resource: res://.godot/imported/down_left.png-4b9f18d1c0d4f212c1213964b82331ed.ctex
Loading resource: res://art/sprites/characters/mage/ice_attack/frame_01.png
Loading resource: res://.godot/imported/frame_01.png-efba69f7d108c68351616b7619a54734.ctex
Loading resource: res://art/sprites/characters/mage/ice_attack/frame_02.png
Loading resource: res://.godot/imported/frame_02.png-1b7fda3bd27caf1fe42a78e9c35c7775.ctex
Loading resource: res://art/sprites/characters/mage/ice_attack/frame_03.png
Loading resource: res://.godot/imported/frame_03.png-5bf510e8fea2f147fe7f5e4abe589ec8.ctex
Loading resource: res://art/sprites/characters/mage/ice_attack/frame_04.png
Loading resource: res://.godot/imported/frame_04.png-1944539d328e21f04111313701665056.ctex
Loading resource: res://art/sprites/characters/mage/ice_attack/frame_05.png
Loading resource: res://.godot/imported/frame_05.png-9bfd637e7f019d45b7a3c3dcf790ad15.ctex
Loading resource: res://art/sprites/characters/mage/ice_attack/frame_06.png
Loading resource: res://.godot/imported/frame_06.png-74cf8b7bb0934ebd4bfead67697b8d7e.ctex
Loading resource: res://resources/animations/mage_ice_bird_sprite_frames.tres
Loading resource: res://art/sprites/characters/mage/ice_bird/flight_01.png
Loading resource: res://.godot/imported/flight_01.png-4cced03f108b90d61e94626bf1d7da27.ctex
Loading resource: res://art/sprites/characters/mage/ice_bird/flight_02.png
Loading resource: res://.godot/imported/flight_02.png-d4635b904ef8d1c91de11fc2cff4b5e4.ctex
Loading resource: res://art/sprites/characters/mage/ice_bird/flight_03.png
Loading resource: res://.godot/imported/flight_03.png-2f2184da8019dc2db1f222bb76e2f909.ctex
Loading resource: res://art/sprites/characters/mage/ice_bird/impact_01.png
Loading resource: res://.godot/imported/impact_01.png-4d667b4c6f56a31104e5d78b32fc6629.ctex
Loading resource: res://art/sprites/card_buff.png
Loading resource: res://.godot/imported/card_buff.png-d38e273a05d78d59776172cd680725fa.ctex
Loading resource: res://art/sprites/card_risk.png
Loading resource: res://.godot/imported/card_risk.png-499dd1c6617ff91f4149e0870e6752a6.ctex
Loading resource: res://audio/sfx/shoot.wav
Loading resource: res://.godot/imported/shoot.wav-9f061d91fb81a9ec411c90a01cce4148.sample
Loading resource: res://audio/sfx/swordsman_attack.wav
Loading resource: res://.godot/imported/swordsman_attack.wav-b787857b1558089d8871bf3b389118b5.sample
Loading resource: res://audio/sfx/mage_attack.wav
Loading resource: res://.godot/imported/mage_attack.wav-8e3f3f431ed4e06b0b76897fb5182b2f.sample
Loading resource: res://audio/sfx/swordsman_skill.wav
Loading resource: res://.godot/imported/swordsman_skill.wav-d58074085232de002d8f28b948af7dbd.sample
Loading resource: res://audio/sfx/mage_skill.wav
Loading resource: res://.godot/imported/mage_skill.wav-1fc04f9583375d8da2b52152746649d6.sample
Loading resource: res://audio/sfx/hit.wav
Loading resource: res://.godot/imported/hit.wav-c4e45b57fbe9fe41b04c129f1f721831.sample
Loading resource: res://audio/sfx/pickup.wav
Loading resource: res://.godot/imported/pickup.wav-8f1df0dbaf980a99488429b0935e3f87.sample
Loading resource: res://audio/sfx/level_up.wav
Loading resource: res://.godot/imported/level_up.wav-ece26f72aed5076e3d0c65913ce9932d.sample
Loading resource: res://audio/sfx/hurt.wav
Loading resource: res://.godot/imported/hurt.wav-070a1d90b4f20e0190267ae2225dc033.sample
Loading resource: res://audio/sfx/enemy_die.wav
Loading resource: res://.godot/imported/enemy_die.wav-89f378851937f0987c5421313bcc6b57.sample
Loading resource: res://audio/sfx/elite_spawn.wav
Loading resource: res://.godot/imported/elite_spawn.wav-e4a17c42b56ba6643801b241be25dd0a.sample
Loading resource: res://audio/sfx/boss_spawn.wav
Loading resource: res://.godot/imported/boss_spawn.wav-23a739e7640463b7e64904d9e1ef28ab.sample
Loading resource: res://audio/sfx/victory.wav
Loading resource: res://.godot/imported/victory.wav-74a81b89c99d39042d3e33c16df9fa58.sample
Loading resource: res://audio/sfx/defeat.wav
Loading resource: res://.godot/imported/defeat.wav-4cad04e341f4ba4adac201a84df8482c.sample
Loading resource: res://art/fonts/MaShanZheng-Regular.ttf
Loading resource: res://.godot/imported/MaShanZheng-Regular.ttf-fb53f929b4149b27e3cc7147fea54185.fontdata
Loading resource: res://art/ui/branch_plaque.png
Loading resource: res://.godot/imported/branch_plaque.png-c58a7b6334231cd5433fdffe2585b5d0.ctex
Loading resource: res://art/ui/branch_plaque_hover.png
Loading resource: res://.godot/imported/branch_plaque_hover.png-b78de0d2c3e612c4026f6317c48d8171.ctex
Loading resource: res://art/ui/branch_plaque_pressed.png
Loading resource: res://.godot/imported/branch_plaque_pressed.png-6c2fdd17ba2a89a97e8379ce907c2b0e.ctex
Loading resource: res://scenes/player/player.tscn
Loading resource: res://scenes/weapons/player_projectile.tscn
Loading resource: res://scenes/weapons/pulse_wave.tscn
Loading resource: res://resources/animations/player_body_sprite_frames.tres
Loading resource: res://art/sprites/player_dirs/player_down.png
Loading resource: res://.godot/imported/player_down.png-a70c7e8093c23140b9daa48cd4cfd1c3.ctex
Loading resource: res://art/sprites/player_dirs/player_down_right.png
Loading resource: res://.godot/imported/player_down_right.png-0ccfecd9296c277c022b5a1fb11e8e5a.ctex
Loading resource: res://art/sprites/player_dirs/player_right.png
Loading resource: res://.godot/imported/player_right.png-6d438c398d21fc69f5c8e69052b3a2b4.ctex
Loading resource: res://art/sprites/player_dirs/player_up_right.png
Loading resource: res://.godot/imported/player_up_right.png-1a6989317f0503134a821616d3a4c500.ctex
Loading resource: res://art/sprites/player_dirs/player_up.png
Loading resource: res://.godot/imported/player_up.png-5f1942e8ef79f31d88da77261aea5aa0.ctex
Loading resource: res://art/sprites/player_dirs/player_up_left.png
Loading resource: res://.godot/imported/player_up_left.png-f0af50e897ce601107f05445eba22a20.ctex
Loading resource: res://art/sprites/player_dirs/player_left.png
Loading resource: res://.godot/imported/player_left.png-88645601a9045cb5dca7ae0222c323e0.ctex
Loading resource: res://art/sprites/player_dirs/player_down_left.png
Loading resource: res://.godot/imported/player_down_left.png-7be89d42224f66bd92eeb48c2a227402.ctex
Loading resource: res://art/animations/player_sword_attack/frame_01_idle.png
Loading resource: res://.godot/imported/frame_01_idle.png-9a2784a4fb214ffffa1700d824f19a30.ctex
Loading resource: res://art/animations/player_sword_attack/frame_02_ready.png
Loading resource: res://.godot/imported/frame_02_ready.png-2470b49cc6dc852291e5da0e47dbb2b8.ctex
Loading resource: res://art/animations/player_sword_attack/frame_03_slash.png
Loading resource: res://.godot/imported/frame_03_slash.png-d7edc11b3af0b8fa35cb2579216089a9.ctex
Loading resource: res://art/animations/player_sword_attack/frame_04_followthrough.png
Loading resource: res://.godot/imported/frame_04_followthrough.png-44b6af8fd7dc48cd1b1628a6b8c0f3ee.ctex
Loading resource: res://art/animations/player_sword_attack/frame_05_recover.png
Loading resource: res://.godot/imported/frame_05_recover.png-f9469b8fe62f471df271e9738a7c5cab.ctex
Loading resource: res://art/animations/player_sword_attack/frame_06_idle_end.png
Loading resource: res://.godot/imported/frame_06_idle_end.png-48337ae5d857a3082622948e3f759d9a.ctex
Loading resource: res://scripts/core/arena.gd
Loading resource: res://scenes/ui/hud.tscn
Loading resource: res://art/backgrounds/panel_tile.png
Loading resource: res://.godot/imported/panel_tile.png-20034b3ae98c39696e0e2bbaa4a8c6d6.ctex
Loading resource: res://art/backgrounds/ink_popup_medium.png
Loading resource: res://.godot/imported/ink_popup_medium.png-c81f2c6c1599426330a7e8c74114b62d.ctex
Loading resource: res://scenes/ui/level_up_panel.tscn
Loading resource: res://art/backgrounds/ink_popup_wide.png
Loading resource: res://.godot/imported/ink_popup_wide.png-87c49c12964d614440f2e4de16be1a01.ctex
Loading resource: res://scenes/ui/result_panel.tscn
Loading resource: res://art/backgrounds/ink_popup_tall.png
Loading resource: res://.godot/imported/ink_popup_tall.png-8e6718e7759d889dac7aaccbfd31d74d.ctex
Loading resource: res://scenes/ui/special_card_panel.tscn
Loading resource: res://scenes/ui/branch_select_panel.tscn
Loading resource: res://art/backgrounds/ink_home_background.png
Loading resource: res://.godot/imported/ink_home_background.png-2e49f3dcdfadf4dbbff2f33d3352765a.ctex
Loading resource: res://art/ui/branch_dial_ring.png
Loading resource: res://.godot/imported/branch_dial_ring.png-3b23d13b3524b16aba727455bcfb048a.ctex
Loading resource: res://scripts/ui/ink_cloud_scroll.gd
Loading resource: res://art/ui/branch_cloud_layer.png
Loading resource: res://.godot/imported/branch_cloud_layer.png-5c406f6208995fdef101abba4f20c72f.ctex
Loading resource: res://scenes/ui/character_select_panel.tscn
Loading resource: res://art/ui/ink_dragon_popup_frame.png
Loading resource: res://.godot/imported/ink_dragon_popup_frame.png-80e0629652e2b4ad796deee00a71a2b8.ctex
Loading resource: res://scenes/ui/home_panel.tscn
Loading resource: res://art/backgrounds/ink_panel_vertical.png
Loading resource: res://.godot/imported/ink_panel_vertical.png-cab1d24883a9263ad52940b44e70182b.ctex
[  50% ] [90m[1mloading_editor_layout[22m | 正在加载中央编辑器布局……[39m[0m
[  66% ] [90m[1mloading_editor_layout[22m | 正在加载插件窗口布局……[39m[0m
Loading resource: res://art/spine/branch_attacks/building/manifest.json
[  83% ] [90m[1mloading_editor_layout[22m | 编辑器布局就绪。[39m[0m
[92m[ DONE ][39m [1mloading_editor_layout[22m
[0m
Failed to bind socket. Error: 3.
Script docs haven't been properly loaded or regenerated, so don't save them to disk.
EditorSettings: Save OK!
XR: Clearing primary interface
XR: Removed interface "Native mobile"
XR: Removed interface "OpenXR"
Orphan StringName: Node (static: 6, total: 7)
StringName: 1 unclaimed string names at exit.
